// Jest Snapshot v1, https://goo.gl/fbAQLP

exports[`renders correctly 1`] = `
<div
  className="card"
  id="ordersPerDayCard"
>
  <div
    className="card-title h5"
  >
    Orders Per Day
  </div>
</div>
`;
