// Jest Snapshot v1, https://goo.gl/fbAQLP

exports[`dashboard tests snapshot renders correctly 1`] = `
<div
  className="container"
  id="dashboardContainer"
>
  <h1
    id="dashboardTitle"
  >
    Dashboard
  </h1>
  <div
    className="row"
  >
    <div
      className="col-md-4"
    >
      <div
        className="card"
        id="highlightCard"
      >
        <div
          className="card-title h5"
        >
          $0
        </div>
        <p
          className="card-text"
        >
          Average Value Per Order
        </p>
      </div>
    </div>
    <div
      className="col-md-4"
    >
      <div
        className="card"
        id="highlightCard"
      >
        <div
          className="card-title h5"
        >
          0
        </div>
        <p
          className="card-text"
        >
          Average Number of Items Per Order
        </p>
      </div>
    </div>
    <div
      className="col-md-4"
    >
      <div
        className="card"
        id="highlightCard"
      >
        <div
          className="card-title h5"
        >
          0
        </div>
        <p
          className="card-text"
        >
          Number of Recurring Customers
        </p>
      </div>
    </div>
  </div>
  <div
    className="row"
    id="graphRow"
  >
    <div
      className="col-md-6"
    >
      <div
        className="card"
        id="ordersPerDayCard"
      >
        <div
          className="card-title h5"
        >
          Orders Per Day
        </div>
      </div>
    </div>
    <div
      className="col-md-6"
    >
      <div
        className="card"
        id="itemPurchaseFrequencyCard"
      >
        <div
          className="card-title h5"
        >
          Item Order Frequency
        </div>
      </div>
    </div>
  </div>
</div>
`;
